
> saree-customs-static@1.0.0 check
> tsc

client/src/components/ui/drawer.tsx(4,43): error TS2307: Cannot find module 'vaul' or its corresponding type declarations.
